// Vitest Snapshot v1, https://vitest.dev/guide/snapshot.html

exports[`renders App 1`] = `
<div
  className="container"
>
  <h1>
    <img
      src="/src/images/tomato.svg"
    />
     Pomodoro Timer
  </h1>
  <p
    className="countdown"
  >
    00:05
  </p>
  <button
    onClick={[Function]}
  >
    Start!
  </button>
  <footer>
    <p>
      Created by 
      <a
        href="https://www.martinhujer.cz/"
      >
        Martin Hujer
      </a>
       (
      <a
        href="https://github.com/mhujer/pomodoro"
      >
        view source-code
      </a>
      )
    </p>
    <p>
      <a
        href="https://en.wikipedia.org/wiki/Pomodoro_Technique"
        rel="noreferrer"
        target="_blank"
      >
        What is Pomodoro Technique?
      </a>
    </p>
  </footer>
</div>
`;
